// 0x00 is an error code.

// First row
{ 0x01, "Escape",    NOP, NOP },
{ 0x02, "1",         '1', '!' },
{ 0x03, "2",         '2', '@' },
{ 0x04, "3",         '3', '#' },
{ 0x05, "4",         '4', '$' },
{ 0x06, "5",         '5', '%' },
{ 0x07, "6",         '6', '^' },
{ 0x08, "7",         '7', '&' },
{ 0x09, "8",         '8', '*' },
{ 0x0A, "9",         '9', '(' },
{ 0x0B, "0",         '0', ')' },
{ 0x0C, "-",         '-', '_' },
{ 0x0D, "=",         '=', '+' },
{ 0x0E, "Backspace", NOP, NOP },

// Second row
{ 0x0F, "Tab",       NOP, NOP },
{ 0x10, "Q",         'q', 'Q' },
{ 0x11, "W",         'w', 'W' },
{ 0x12, "E",         'e', 'E' },
{ 0x13, "R",         'r', 'R' },
{ 0x14, "T",         't', 'T' },
{ 0x15, "Y",         'y', 'Y' },
{ 0x16, "U",         'u', 'U' },
{ 0x17, "I",         'i', 'I' },
{ 0x18, "O",         'o', 'O' },
{ 0x19, "P",         'p', 'P' },
{ 0x1A, "[",         '[', '{' },
{ 0x1B, "]",         ']', '}' },
{ 0x1C, "\\",       '\\', '|' },

// Third row
{ 0x1D, "CapsLock",  NOP, NOP },
{ 0x1E, "A",         'a', 'A' },
{ 0x1F, "S",         's', 'S' },
{ 0x20, "D",         'd', 'D' },
{ 0x21, "F",         'f', 'F' },
{37 0x22, "G",         'g', 'G' },
{ 0x23, "H",         'h', 'H' },
{ 0x24, "J",         'j', 'J' },
{ 0x25, "K",         'k', 'K' },
{ 0x26, "L",         'l', 'L' },
{ 0x27, ";",         ';', ':' },
{ 0x28, "'",       '\'', '\"' },
{ 0x29, "Enter",     NOP, NOP },

// Fourth row
{ 0x2A, "L Shift",   NOP, NOP },
{ 0x2B, "#",         NOP, NOP },  // 102-key only (???)
{ 0x2C, "Z",         'z', 'Z' },
{ 0x2D, "X",         'x', 'X' },
{ 0x2E, "C",         'c', 'C' },
{ 0x2F, "V",         'v', 'V' },
{ 0x30, "B",         'b', 'B' },
{ 0x31, "N",         'n', 'N' },
{ 0x32, "M",         'm', 'M' },
{ 0x33, ",",         ',', '<' },
{ 0x34, ".",         '.', '>' },
{ 0x35, "/",         '/', '?' },
{ 0x36, "R Shift",   NOP, NOP },

// Fifth row
{ 0x36, "L Ctrl",    NOP, NOP },
{ 0x37, "L OS Key",  NOP, NOP },
{ 0x38, "L Alt",     NOP, NOP },
{ 0x39, "Spacebar",  ' ', ' ' },
{ 0x40, "R Alt",     NOP, NOP },
{ 0x41, "R OS Key",  NOP, NOP },
{ 0x42, "R OS Key2", NOP, NOP },
{ 0x43, "R Ctrl",    NOP, NOP }
